aliqua magna dolore et labore ut incididunt tempor eiusmod do sed elit adipiscing consectetur amet sit dolor ipsum Lorem
